// Vitest Snapshot v1

exports[`story snapshots > Default 1`] = `
"<form novalidate=\\"\\">
  <div class=\\"form-floating\\"><input class=\\"form-control\\" id=\\"connection-token-input\\" name=\\"token\\" type=\\"text\\" placeholder=\\"\\"><label for=\\"connection-token-input\\">Token</label>
    <div class=\\"invalid-feedback\\">Enter a valid JWT token</div>
  </div>
</form>"
`;

exports[`story snapshots > Invalid 1`] = `
"<form novalidate=\\"\\">
  <div class=\\"form-floating\\"><input class=\\"form-control\\" id=\\"connection-token-input\\" name=\\"token\\" type=\\"text\\" placeholder=\\"\\"><label for=\\"connection-token-input\\">Token</label>
    <div class=\\"invalid-feedback\\">Enter a valid JWT token</div>
  </div>
</form>"
`;

exports[`story snapshots > Valid 1`] = `
"<form novalidate=\\"\\">
  <div class=\\"form-floating\\"><input class=\\"form-control\\" id=\\"connection-token-input\\" name=\\"token\\" type=\\"text\\" placeholder=\\"\\"><label for=\\"connection-token-input\\">Token</label>
    <div class=\\"invalid-feedback\\">Enter a valid JWT token</div>
  </div>
</form>"
`;
