// Vitest Snapshot v1

exports[`story snapshots > Connections 1`] = `
"<ul class=\\"list-group list-group-flush\\">
  <li class=\\"list-group-item\\">
    <div class=\\"row align-items-center\\">
      <div class=\\"col col-auto pointer\\"><i class=\\"bi bi-chevron-right\\"></i>
        <!--v-if-->
      </div>
      <div class=\\"col col-auto\\">
        <!--v-if--><i class=\\"bi fs-3 text-active bi-card-list\\" data-v-3b64800a=\\"\\" data-bs-toggle=\\"tooltip\\" data-bs-placement=\\"bottom\\" title=\\"\\" data-bs-original-title=\\"Active\\" aria-label=\\"Active\\"></i>
      </div>
      <div class=\\"col text-start lh-1\\">
        <div class=\\"row\\">
          <div class=\\"col\\"><small>Running Connection
              <!--v-if--><span class=\\"ms-3\\"><!--v-if--></span>
              <!--v-if-->
              <!--v-if-->
            </small></div>
        </div>
        <div class=\\"row\\">
          <div class=\\"col\\"><small class=\\"text-muted\\">Last Ping: 4 months ago</small></div>
        </div>
      </div>
      <div class=\\"col col-auto\\" style=\\"display: none;\\"><span data-bs-toggle=\\"tooltip\\" data-bs-placement=\\"bottom\\" title=\\"\\" data-bs-original-title=\\"View Config\\" aria-label=\\"View Config\\"><button class=\\"btn btn-outline-info me-1\\" data-bs-toggle=\\"modal\\" data-bs-target=\\"#config-modal-Running Connection\\"><i class=\\"bi bi-gear-fill\\"></i></button></span><span data-bs-toggle=\\"tooltip\\" data-bs-placement=\\"bottom\\" title=\\"\\" data-bs-original-title=\\"View Logs\\" aria-label=\\"View Logs\\"><button class=\\"btn btn-outline-info me-1\\" data-bs-toggle=\\"modal\\" data-bs-target=\\"#logs-modal-connection-Running Connection\\"><i class=\\"bi bi-terminal-fill\\"></i></button></span>
        <!--v-if--><button class=\\"btn btn-outline-danger me-1\\" data-bs-toggle=\\"tooltip\\" data-bs-placement=\\"bottom\\" title=\\"\\" data-bs-original-title=\\"Stop\\" aria-label=\\"Stop\\"><i class=\\"bi bi-stop-fill\\"></i></button>
        <!--v-if--><button class=\\"btn btn-outline-warning me-1\\" data-bs-toggle=\\"tooltip\\" data-bs-placement=\\"bottom\\" title=\\"\\" data-bs-original-title=\\"Restart\\" aria-label=\\"Restart\\"><i class=\\"bi bi-arrow-clockwise\\"></i></button><button class=\\"btn btn-outline-danger\\" data-bs-toggle=\\"tooltip\\" data-bs-placement=\\"bottom\\" title=\\"\\" data-bs-original-title=\\"Delete\\" aria-label=\\"Delete\\"><i class=\\"bi bi-trash-fill\\"></i></button>
      </div>
    </div>
    <!--v-if-->
  </li>
  <div class=\\"modal fade\\" id=\\"config-modal-Running Connection\\" tabindex=\\"-1\\" role=\\"dialog\\">
    <div class=\\"modal-dialog modal-xl\\">
      <div class=\\"modal-content\\">
        <div class=\\"modal-header\\">
          <h5 class=\\"modal-title\\">Config for \\"Running Connection\\"</h5>
          <!--v-if--><button class=\\"btn btn-close\\" type=\\"button\\" data-bs-dismiss=\\"modal\\" aria-label=\\"Close\\"></button>
        </div>
        <div class=\\"modal-body\\">
          <table class=\\"table table-striped table-hover\\">
            <thead>
              <tr>
                <th scope=\\"col\\">Key</th>
                <th scope=\\"col\\">Value</th>
              </tr>
            </thead>
            <tbody></tbody>
          </table>
        </div>
      </div>
    </div>
  </div>
  <li class=\\"list-group-item\\">
    <div class=\\"row align-items-center\\">
      <div class=\\"col col-auto pointer\\"><i class=\\"bi bi-chevron-right\\"></i>
        <!--v-if-->
      </div>
      <div class=\\"col col-auto\\">
        <!--v-if--><i class=\\"bi fs-3 text-done bi-card-list\\" data-v-3b64800a=\\"\\" data-bs-toggle=\\"tooltip\\" data-bs-placement=\\"bottom\\" title=\\"\\" data-bs-original-title=\\"Done\\" aria-label=\\"Done\\"></i>
      </div>
      <div class=\\"col text-start lh-1\\">
        <div class=\\"row\\">
          <div class=\\"col\\"><small>Stopped Connection
              <!--v-if--><span class=\\"ms-3\\"><!--v-if--></span>
              <!--v-if-->
              <!--v-if-->
            </small></div>
        </div>
        <div class=\\"row\\">
          <div class=\\"col\\"><small class=\\"text-muted\\">Last Ping: 4 months ago</small></div>
        </div>
      </div>
      <div class=\\"col col-auto\\" style=\\"display: none;\\"><span data-bs-toggle=\\"tooltip\\" data-bs-placement=\\"bottom\\" title=\\"\\" data-bs-original-title=\\"View Config\\" aria-label=\\"View Config\\"><button class=\\"btn btn-outline-info me-1\\" data-bs-toggle=\\"modal\\" data-bs-target=\\"#config-modal-Stopped Connection\\"><i class=\\"bi bi-gear-fill\\"></i></button></span><span data-bs-toggle=\\"tooltip\\" data-bs-placement=\\"bottom\\" title=\\"\\" data-bs-original-title=\\"View Logs\\" aria-label=\\"View Logs\\"><button class=\\"btn btn-outline-info me-1\\" data-bs-toggle=\\"modal\\" data-bs-target=\\"#logs-modal-connection-Stopped Connection\\"><i class=\\"bi bi-terminal-fill\\"></i></button></span>
        <!--v-if-->
        <!--v-if--><button class=\\"btn btn-outline-success me-1\\" data-bs-toggle=\\"tooltip\\" data-bs-placement=\\"bottom\\" title=\\"\\" data-bs-original-title=\\"Start\\" aria-label=\\"Start\\"><i class=\\"bi bi-play-fill\\"></i></button><button class=\\"btn btn-outline-warning me-1\\" disabled=\\"\\" data-bs-toggle=\\"tooltip\\" data-bs-placement=\\"bottom\\" title=\\"\\" data-bs-original-title=\\"Restart\\" aria-label=\\"Restart\\"><i class=\\"bi bi-arrow-clockwise\\"></i></button><button class=\\"btn btn-outline-danger\\" data-bs-toggle=\\"tooltip\\" data-bs-placement=\\"bottom\\" title=\\"\\" data-bs-original-title=\\"Delete\\" aria-label=\\"Delete\\"><i class=\\"bi bi-trash-fill\\"></i></button>
      </div>
    </div>
    <!--v-if-->
  </li>
  <div class=\\"modal fade\\" id=\\"config-modal-Stopped Connection\\" tabindex=\\"-1\\" role=\\"dialog\\">
    <div class=\\"modal-dialog modal-xl\\">
      <div class=\\"modal-content\\">
        <div class=\\"modal-header\\">
          <h5 class=\\"modal-title\\">Config for \\"Stopped Connection\\"</h5>
          <!--v-if--><button class=\\"btn btn-close\\" type=\\"button\\" data-bs-dismiss=\\"modal\\" aria-label=\\"Close\\"></button>
        </div>
        <div class=\\"modal-body\\">
          <table class=\\"table table-striped table-hover\\">
            <thead>
              <tr>
                <th scope=\\"col\\">Key</th>
                <th scope=\\"col\\">Value</th>
              </tr>
            </thead>
            <tbody></tbody>
          </table>
        </div>
      </div>
    </div>
  </div>
</ul>"
`;

exports[`story snapshots > NoConnections 1`] = `
"<ul class=\\"list-group list-group-flush\\">
  <li class=\\"list-group-item\\">No connections</li>
</ul>"
`;
