// Vitest Snapshot v1

exports[`story snapshots > Default 1`] = `"<i class=\\"bi bi-square-fill fs-3 text-danger\\"></i>"`;

exports[`story snapshots > Error 1`] = `"<i class=\\"bi bi-square-fill fs-3 text-danger\\"></i>"`;

exports[`story snapshots > Running 1`] = `"<i class=\\"bi bi-square-fill fs-3 text-success\\"></i>"`;

exports[`story snapshots > Stopped 1`] = `"<i class=\\"bi bi-square-fill fs-3 text-warning\\"></i>"`;

exports[`story snapshots > Waiting 1`] = `"<i class=\\"bi bi-square-fill fs-3 text-light\\"></i>"`;
